List Files using ls with no option
ranjit@ranjit-Vostro-1540:~$ ls
anaconda3    dive               github         Pictures     qu2.txt
ass1.zip     Documents          linux          play         spanning_tree
cmd          Downloads          Mit-C and C++  Public       Templates
command.txt  eclipse-workspace  Music          python_test  tempunix
Desktop      eitra              opps_test      q2           Videos

List Files With option –l
ranjit@ranjit-Vostro-1540:~$ ls -l
total 696
drwxrwxr-x 20 ranjit ranjit   4096 Aug 28 14:57 anaconda3
-rw-rw-r--  1 ranjit ranjit 588707 Sep  6 16:52 ass1.zip
-rw-rw-r--  1 ranjit ranjit  31044 Sep  6 16:16 cmd
-rw-rw-r--  1 ranjit ranjit    406 Sep  6 16:03 command.txt
drwxr-xr-x  2 ranjit ranjit   4096 Sep  6 12:22 Desktop
drwxrwxr-x  9 ranjit ranjit   4096 Aug 29 12:42 dive
drwxr-xr-x  3 ranjit ranjit   4096 Sep  5 00:34 Documents
drwxr-xr-x  3 ranjit ranjit   4096 Sep  7 10:51 Downloads
drwxrwxr-x  6 ranjit ranjit   4096 Sep  5 14:10 eclipse-workspace
drwxrwxr-x  3 ranjit ranjit   4096 Sep  1 15:59 eitra
drwxrwxr-x  3 ranjit ranjit   4096 Sep  5 16:04 github
drwxrwxr-x  4 ranjit ranjit   4096 Sep  6 15:53 linux
drwxrwxr-x  3 ranjit ranjit   4096 Sep  1 15:45 Mit-C and C++
drwxr-xr-x  2 ranjit ranjit   4096 Jul  6 21:55 Music
drwxrwxr-x  3 ranjit ranjit   4096 Sep  4 17:24 opps_test
drwxr-xr-x  2 ranjit ranjit   4096 Jul  6 21:55 Pictures
drwxrwxr-x  2 ranjit ranjit   4096 Sep  6 21:22 play
drwxr-xr-x  2 ranjit ranjit   4096 Jul  6 21:55 Public
drwxrwxr-x  2 ranjit ranjit   4096 Sep  4 14:34 python_test
-rw-rw-r--  1 ranjit ranjit      0 Sep  6 16:18 q2
-rw-r--r--  1 root   root      273 Sep  6 21:17 qu2.txt
drwxrwxr-x  2 ranjit ranjit   4096 Sep  2 18:01 spanning_tree
drwxr-xr-x  2 ranjit ranjit   4096 Jul  6 21:55 Templates
drwxr-xr-x  2 root   root     4096 Sep  7 11:43 tempunix
drwxr-xr-x  2 ranjit ranjit   4096 Jul  6 21:55 Videos


View Hidden Files

ranjit@ranjit-Vostro-1540:~$ ls -a
.                      eclipse-workspace  .profile
..                     eitra              Public
anaconda3              .elinks            .python_history
ass1.zip               .gconf             python_test
.bash_history          .gitconfig         q2
.bash_logout           github             qu2.txt
.bashrc                .gnupg             spanning_tree
.bashrc-anaconda3.bak  .ICEauthority      .sudo_as_admin_successful
.cache                 linux              .swt
cmd                    .local             Templates
command.txt            Mit-C and C++      tempunix
.compiz                .mozilla           .tooling
.conda                 Music              Videos
.config                .mysql_history     .vim
Desktop                .nano              .viminfo
dive                   opps_test          .wget-hsts
.dmrc                  .oracle_jre_usage  .Xauthority
Documents              .p2                .xsession-errors
Downloads              Pictures           .xsession-errors.old



List Files with Human Readable Format with option -lh
ranjit@ranjit-Vostro-1540:~$ ls -lh
total 696K
drwxrwxr-x 20 ranjit ranjit 4.0K Aug 28 14:57 anaconda3
-rw-rw-r--  1 ranjit ranjit 575K Sep  6 16:52 ass1.zip
-rw-rw-r--  1 ranjit ranjit  31K Sep  6 16:16 cmd
-rw-rw-r--  1 ranjit ranjit  406 Sep  6 16:03 command.txt
drwxr-xr-x  2 ranjit ranjit 4.0K Sep  6 12:22 Desktop
drwxrwxr-x  9 ranjit ranjit 4.0K Aug 29 12:42 dive
drwxr-xr-x  3 ranjit ranjit 4.0K Sep  5 00:34 Documents
drwxr-xr-x  3 ranjit ranjit 4.0K Sep  7 10:51 Downloads
drwxrwxr-x  6 ranjit ranjit 4.0K Sep  5 14:10 eclipse-workspace
drwxrwxr-x  3 ranjit ranjit 4.0K Sep  1 15:59 eitra
drwxrwxr-x  3 ranjit ranjit 4.0K Sep  5 16:04 github
drwxrwxr-x  4 ranjit ranjit 4.0K Sep  6 15:53 linux
drwxrwxr-x  3 ranjit ranjit 4.0K Sep  1 15:45 Mit-C and C++
drwxr-xr-x  2 ranjit ranjit 4.0K Jul  6 21:55 Music
drwxrwxr-x  3 ranjit ranjit 4.0K Sep  4 17:24 opps_test
drwxr-xr-x  2 ranjit ranjit 4.0K Jul  6 21:55 Pictures
drwxrwxr-x  2 ranjit ranjit 4.0K Sep  6 21:22 play
drwxr-xr-x  2 ranjit ranjit 4.0K Jul  6 21:55 Public
drwxrwxr-x  2 ranjit ranjit 4.0K Sep  4 14:34 python_test
-rw-rw-r--  1 ranjit ranjit    0 Sep  6 16:18 q2
-rw-r--r--  1 root   root    273 Sep  6 21:17 qu2.txt
drwxrwxr-x  2 ranjit ranjit 4.0K Sep  2 18:01 spanning_tree
drwxr-xr-x  2 ranjit ranjit 4.0K Jul  6 21:55 Templates
drwxr-xr-x  2 root   root   4.0K Sep  7 11:43 tempunix
drwxr-xr-x  2 ranjit ranjit 4.0K Jul  6 21:55 Videos


List Files and Directories with ‘/’ Character at the end

ranjit@ranjit-Vostro-1540:~$ ls -F
anaconda3/   dive/               github/         Pictures/     qu2.txt
ass1.zip     Documents/          linux/          play/         spanning_tree/
cmd          Downloads/          Mit-C and C++/  Public/       Templates/
command.txt  eclipse-workspace/  Music/          python_test/  tempunix/
Desktop/     eitra/              opps_test/      q2            Videos/





Recursively list Sub-Directories
ranjit@ranjit-Vostro-1540:~$ ls -R

.:
anaconda3
ass1.zip
cmd
command.txt
demo.t
Desktop
dive
Documents
Downloads
eclipse-workspace
eitra
github
linux
ls-r.t
Mit-C and C++
Music
opps_test
Pictures
play
Public
python_test
q2
qu2.txt
spanning_tree
Templates
tempunix
Videos




 List Files in Reverse Order

ranjit@ranjit-Vostro-1540:~$ ls -r
Videos         python_test  Mit-C and C++      Downloads    cmd
tempunix       Public       ls-r.t             Documents    ass1.zip
Templates      play         linux              dive         anaconda3
spanning_tree  Pictures     github             Desktop
qu2.txt        opps_test    eitra              demo.t
q2             Music        eclipse-workspace  command.txt




Reverse Output Order


ranjit@ranjit-Vostro-1540:~$ ls -ltr
total 3400
drwxr-xr-x  2 ranjit ranjit    4096 Jul  6 21:55 Videos
drwxr-xr-x  2 ranjit ranjit    4096 Jul  6 21:55 Templates
drwxr-xr-x  2 ranjit ranjit    4096 Jul  6 21:55 Public
drwxr-xr-x  2 ranjit ranjit    4096 Jul  6 21:55 Pictures
drwxr-xr-x  2 ranjit ranjit    4096 Jul  6 21:55 Music
drwxrwxr-x 20 ranjit ranjit    4096 Aug 28 14:57 anaconda3
drwxrwxr-x  9 ranjit ranjit    4096 Aug 29 12:42 dive
drwxrwxr-x  3 ranjit ranjit    4096 Sep  1 15:45 Mit-C and C++
drwxrwxr-x  3 ranjit ranjit    4096 Sep  1 15:59 eitra
drwxrwxr-x  2 ranjit ranjit    4096 Sep  2 18:01 spanning_tree
drwxrwxr-x  2 ranjit ranjit    4096 Sep  4 14:34 python_test
drwxrwxr-x  3 ranjit ranjit    4096 Sep  4 17:24 opps_test
drwxr-xr-x  3 ranjit ranjit    4096 Sep  5 00:34 Documents
drwxrwxr-x  6 ranjit ranjit    4096 Sep  5 14:10 eclipse-workspace
drwxrwxr-x  3 ranjit ranjit    4096 Sep  5 16:04 github
drwxr-xr-x  2 ranjit ranjit    4096 Sep  6 12:22 Desktop
drwxrwxr-x  4 ranjit ranjit    4096 Sep  6 15:53 linux
-rw-rw-r--  1 ranjit ranjit     406 Sep  6 16:03 command.txt
-rw-rw-r--  1 ranjit ranjit   31044 Sep  6 16:16 cmd
-rw-rw-r--  1 ranjit ranjit       0 Sep  6 16:18 q2
-rw-rw-r--  1 ranjit ranjit  588707 Sep  6 16:52 ass1.zip
-rw-r--r--  1 root   root       273 Sep  6 21:17 qu2.txt
drwxrwxr-x  2 ranjit ranjit    4096 Sep  6 21:22 play
drwxr-xr-x  3 ranjit ranjit    4096 Sep  7 10:51 Downloads
drwxr-xr-x  2 root   root      4096 Sep  7 11:43 tempunix
-rw-rw-r--  1 ranjit ranjit     226 Sep  7 11:55 ls-r.t
-rw-rw-r--  1 ranjit ranjit 2763016 Sep  7 11:56 demo.t





Sort Files by File Size

ranjit@ranjit-Vostro-1540:~$ ls -ls
total 3400
   4 drwxrwxr-x 20 ranjit ranjit    4096 Aug 28 14:57 anaconda3
 576 -rw-rw-r--  1 ranjit ranjit  588707 Sep  6 16:52 ass1.zip
  32 -rw-rw-r--  1 ranjit ranjit   31044 Sep  6 16:16 cmd
   4 -rw-rw-r--  1 ranjit ranjit     406 Sep  6 16:03 command.txt
2700 -rw-rw-r--  1 ranjit ranjit 2763016 Sep  7 11:56 demo.t
   4 drwxr-xr-x  2 ranjit ranjit    4096 Sep  6 12:22 Desktop
   4 drwxrwxr-x  9 ranjit ranjit    4096 Aug 29 12:42 dive
   4 drwxr-xr-x  3 ranjit ranjit    4096 Sep  5 00:34 Documents
   4 drwxr-xr-x  3 ranjit ranjit    4096 Sep  7 10:51 Downloads
   4 drwxrwxr-x  6 ranjit ranjit    4096 Sep  5 14:10 eclipse-workspace
   4 drwxrwxr-x  3 ranjit ranjit    4096 Sep  1 15:59 eitra
   4 drwxrwxr-x  3 ranjit ranjit    4096 Sep  5 16:04 github
   4 drwxrwxr-x  4 ranjit ranjit    4096 Sep  6 15:53 linux
   4 -rw-rw-r--  1 ranjit ranjit     226 Sep  7 11:55 ls-r.t
   4 drwxrwxr-x  3 ranjit ranjit    4096 Sep  1 15:45 Mit-C and C++
   4 drwxr-xr-x  2 ranjit ranjit    4096 Jul  6 21:55 Music
   4 drwxrwxr-x  3 ranjit ranjit    4096 Sep  4 17:24 opps_test
   4 drwxr-xr-x  2 ranjit ranjit    4096 Jul  6 21:55 Pictures
   4 drwxrwxr-x  2 ranjit ranjit    4096 Sep  6 21:22 play
   4 drwxr-xr-x  2 ranjit ranjit    4096 Jul  6 21:55 Public
   4 drwxrwxr-x  2 ranjit ranjit    4096 Sep  4 14:34 python_test
   0 -rw-rw-r--  1 ranjit ranjit       0 Sep  6 16:18 q2
   4 -rw-r--r--  1 root   root       273 Sep  6 21:17 qu2.txt
   4 drwxrwxr-x  2 ranjit ranjit    4096 Sep  2 18:01 spanning_tree
   4 drwxr-xr-x  2 ranjit ranjit    4096 Jul  6 21:55 Templates
   4 drwxr-xr-x  2 root   root      4096 Sep  7 11:43 tempunix
   4 drwxr-xr-x  2 ranjit ranjit    4096 Jul  6 21:55 Videos

 

 Display Inode number of File or Directory

 ranjit@ranjit-Vostro-1540:~$ ls -i
 399900 anaconda3    3015225 eclipse-workspace   534281 play
 534324 ass1.zip      396255 eitra               393229 Public
 410056 cmd          1835116 github             1837380 python_test
 393564 command.txt   524376 linux               410082 q2
 411211 demo.t        411207 ls-r.t              408376 qu2.txt
 393226 Desktop      1835196 Mit-C and C++      1837344 spanning_tree
 394139 dive          393231 Music               393228 Templates
 393230 Documents    1837392 opps_test           534346 tempunix
 393227 Downloads     393232 Pictures            393233 Videos



Check version of ls command.


ranjit@ranjit-Vostro-1540:~$ ls --version
ls (GNU coreutils) 8.25
Copyright (C) 2016 Free Software Foundation, Inc.
License GPLv3+: GNU GPL version 3 or later <http://gnu.org/licenses/gpl.html>.
This is free software: you are free to change and redistribute it.
There is NO WARRANTY, to the extent permitted by law.

Written by Richard M. Stallman and David MacKenzie.
